Command line:
   mux2_tb_isim_beh.exe
     -simmode  gui
     -simrunnum  0
     -socket  34205

Thu Sep  3 02:57:58 2026


 Elaboration Time: 0.01 sec

 Current Memory Usage: 196.092 Meg

 Total Signals          : 8
 Total Nets             : 4
 Total Signal Drivers   : 4
 Total Blocks           : 3
 Total Primitive Blocks : 2
 Total Processes        : 2
 Total Traceable Variables  : 8
 Total Scalar Nets and Variables : 364
Total Line Count : 11

 Total Simulation Time: 0.05 sec

 Current Memory Usage: 271.593 Meg

Thu Sep  3 02:59:47 2026

