Release 14.7 - xst P.20131013 (lin64)
Copyright (c) 1995-2013 Xilinx, Inc.  All rights reserved.
--> 
Parameter TMPDIR set to xst/projnav.tmp


Total REAL time to Xst completion: 0.00 secs
Total CPU time to Xst completion: 0.03 secs
 
--> 
Parameter xsthdpdir set to xst


Total REAL time to Xst completion: 0.00 secs
Total CPU time to Xst completion: 0.03 secs
 
--> 
Reading design: alu_datapath.prj

TABLE OF CONTENTS
  1) Synthesis Options Summary
  2) HDL Parsing
  3) HDL Elaboration
  4) HDL Synthesis
       4.1) HDL Synthesis Report
  5) Advanced HDL Synthesis
       5.1) Advanced HDL Synthesis Report
  6) Low Level Synthesis
  7) Partition Report
  8) Design Summary
       8.1) Primitive and Black Box Usage
       8.2) Device utilization summary
       8.3) Partition Resource Summary
       8.4) Timing Report
            8.4.1) Clock Information
            8.4.2) Asynchronous Control Signals Information
            8.4.3) Timing Summary
            8.4.4) Timing Details
            8.4.5) Cross Clock Domains Report


=========================================================================
*                      Synthesis Options Summary                        *
=========================================================================
---- Source Parameters
Input File Name                    : "alu_datapath.prj"
Ignore Synthesis Constraint File   : NO

---- Target Parameters
Output File Name                   : "alu_datapath"
Output Format                      : NGC
Target Device                      : xc6slx4-3-tqg144

---- Source Options
Top Module Name                    : alu_datapath
Automatic FSM Extraction           : YES
FSM Encoding Algorithm             : Auto
Safe Implementation                : No
FSM Style                          : LUT
RAM Extraction                     : Yes
RAM Style                          : Auto
ROM Extraction                     : Yes
Shift Register Extraction          : YES
ROM Style                          : Auto
Resource Sharing                   : YES
Asynchronous To Synchronous        : NO
Shift Register Minimum Size        : 2
Use DSP Block                      : Auto
Automatic Register Balancing       : No

---- Target Options
LUT Combining                      : Auto
Reduce Control Sets                : Auto
Add IO Buffers                     : YES
Global Maximum Fanout              : 100000
Add Generic Clock Buffer(BUFG)     : 16
Register Duplication               : YES
Optimize Instantiated Primitives   : NO
Use Clock Enable                   : Auto
Use Synchronous Set                : Auto
Use Synchronous Reset              : Auto
Pack IO Registers into IOBs        : Auto
Equivalent register Removal        : YES

---- General Options
Optimization Goal                  : Speed
Optimization Effort                : 1
Power Reduction                    : NO
Keep Hierarchy                     : No
Netlist Hierarchy                  : As_Optimized
RTL Output                         : Yes
Global Optimization                : AllClockNets
Read Cores                         : YES
Write Timing Constraints           : NO
Cross Clock Analysis               : NO
Hierarchy Separator                : /
Bus Delimiter                      : <>
Case Specifier                     : Maintain
Slice Utilization Ratio            : 100
BRAM Utilization Ratio             : 100
DSP48 Utilization Ratio            : 100
Auto BRAM Packing                  : NO
Slice Utilization Ratio Delta      : 5

=========================================================================


=========================================================================
*                          HDL Parsing                                  *
=========================================================================
Parsing VHDL file "/home/ise/VLSI-Xilinx/computer/nand_gate.vhd" into library work
Parsing entity <nand_gate>.
Parsing architecture <Behavioral> of entity <nand_gate>.
Parsing VHDL file "/home/ise/VLSI-Xilinx/computer/not_gate.vhd" into library work
Parsing entity <not_gate>.
Parsing architecture <Structural> of entity <not_gate>.
Parsing VHDL file "/home/ise/VLSI-Xilinx/computer/xor_gate.vhd" into library work
Parsing entity <xor_gate>.
Parsing architecture <Structural> of entity <xor_gate>.
Parsing VHDL file "/home/ise/VLSI-Xilinx/computer/and_gate.vhd" into library work
Parsing entity <and_gate>.
Parsing architecture <Structural> of entity <and_gate>.
Parsing VHDL file "/home/ise/VLSI-Xilinx/computer/or_gate.vhd" into library work
Parsing entity <or_gate>.
Parsing architecture <Structural> of entity <or_gate>.
Parsing VHDL file "/home/ise/VLSI-Xilinx/computer/half_adder.vhd" into library work
Parsing entity <half_adder>.
Parsing architecture <Structural> of entity <half_adder>.
Parsing VHDL file "/home/ise/VLSI-Xilinx/computer/full_adder.vhd" into library work
Parsing entity <full_adder>.
Parsing architecture <Structural> of entity <full_adder>.
Parsing VHDL file "/home/ise/VLSI-Xilinx/computer/adder_4bit.vhd" into library work
Parsing entity <adder_4bit>.
Parsing architecture <Structural> of entity <adder_4bit>.
Parsing VHDL file "/home/ise/VLSI-Xilinx/computer/xnor_gate.vhd" into library work
Parsing entity <xnor_gate>.
Parsing architecture <Structural> of entity <xnor_gate>.
Parsing VHDL file "/home/ise/VLSI-Xilinx/computer/mux4.vhd" into library work
Parsing entity <mux4>.
Parsing architecture <Behavioral> of entity <mux4>.
Parsing VHDL file "/home/ise/VLSI-Xilinx/computer/adder_8bit.vhd" into library work
Parsing entity <adder_8bit>.
Parsing architecture <Structural> of entity <adder_8bit>.
Parsing VHDL file "/home/ise/VLSI-Xilinx/computer/zero_detect_8.vhd" into library work
Parsing entity <zero_detect_8>.
Parsing architecture <Structural> of entity <zero_detect_8>.
Parsing VHDL file "/home/ise/VLSI-Xilinx/computer/reg_1bit.vhd" into library work
Parsing entity <register_1bit>.
Parsing architecture <Behavioral> of entity <register_1bit>.
Parsing VHDL file "/home/ise/VLSI-Xilinx/computer/mux2.vhd" into library work
Parsing entity <mux2>.
Parsing architecture <Behavioral> of entity <mux2>.
Parsing VHDL file "/home/ise/VLSI-Xilinx/computer/alu_logic_unit.vhd" into library work
Parsing entity <alu_logic_unit>.
Parsing architecture <Structural> of entity <alu_logic_unit>.
Parsing VHDL file "/home/ise/VLSI-Xilinx/computer/alu_arith_unit.vhd" into library work
Parsing entity <alu_arith_unit>.
Parsing architecture <Structural> of entity <alu_arith_unit>.
Parsing VHDL file "/home/ise/VLSI-Xilinx/computer/reg_8bit.vhd" into library work
Parsing entity <register_8bit>.
Parsing architecture <Structural> of entity <register_8bit>.
Parsing VHDL file "/home/ise/VLSI-Xilinx/computer/alu_8bit.vhd" into library work
Parsing entity <alu_8bit>.
Parsing architecture <Structural> of entity <alu_8bit>.
Parsing VHDL file "/home/ise/VLSI-Xilinx/computer/alu_datapath.vhd" into library work
Parsing entity <alu_datapath>.
Parsing architecture <Structural> of entity <alu_datapath>.

=========================================================================
*                            HDL Elaboration                            *
=========================================================================

Elaborating entity <alu_datapath> (architecture <Structural>) from library <work>.

Elaborating entity <register_8bit> (architecture <Structural>) from library <work>.

Elaborating entity <register_1bit> (architecture <Behavioral>) from library <work>.

Elaborating entity <alu_8bit> (architecture <Structural>) from library <work>.

Elaborating entity <alu_arith_unit> (architecture <Structural>) from library <work>.

Elaborating entity <not_gate> (architecture <Structural>) from library <work>.

Elaborating entity <nand_gate> (architecture <Behavioral>) from library <work>.

Elaborating entity <mux4> (architecture <Behavioral>) from library <work>.
INFO:HDLCompiler:679 - "/home/ise/VLSI-Xilinx/computer/mux4.vhd" Line 22. Case statement is complete. others clause is never selected

Elaborating entity <xor_gate> (architecture <Structural>) from library <work>.

Elaborating entity <adder_8bit> (architecture <Structural>) from library <work>.

Elaborating entity <adder_4bit> (architecture <Structural>) from library <work>.

Elaborating entity <full_adder> (architecture <Structural>) from library <work>.

Elaborating entity <half_adder> (architecture <Structural>) from library <work>.

Elaborating entity <and_gate> (architecture <Structural>) from library <work>.

Elaborating entity <or_gate> (architecture <Structural>) from library <work>.

Elaborating entity <xnor_gate> (architecture <Structural>) from library <work>.

Elaborating entity <alu_logic_unit> (architecture <Structural>) from library <work>.

Elaborating entity <mux2> (architecture <Behavioral>) from library <work>.

Elaborating entity <zero_detect_8> (architecture <Structural>) from library <work>.

=========================================================================
*                           HDL Synthesis                               *
=========================================================================

Synthesizing Unit <alu_datapath>.
    Related source file is "/home/ise/VLSI-Xilinx/computer/alu_datapath.vhd".
    Summary:
	no macro.
Unit <alu_datapath> synthesized.

Synthesizing Unit <register_8bit>.
    Related source file is "/home/ise/VLSI-Xilinx/computer/reg_8bit.vhd".
    Summary:
	no macro.
Unit <register_8bit> synthesized.

Synthesizing Unit <register_1bit>.
    Related source file is "/home/ise/VLSI-Xilinx/computer/reg_1bit.vhd".
    Found 1-bit register for signal <Q>.
    Summary:
	inferred   1 D-type flip-flop(s).
Unit <register_1bit> synthesized.

Synthesizing Unit <alu_8bit>.
    Related source file is "/home/ise/VLSI-Xilinx/computer/alu_8bit.vhd".
    Summary:
	no macro.
Unit <alu_8bit> synthesized.

Synthesizing Unit <alu_arith_unit>.
    Related source file is "/home/ise/VLSI-Xilinx/computer/alu_arith_unit.vhd".
    Summary:
	no macro.
Unit <alu_arith_unit> synthesized.

Synthesizing Unit <not_gate>.
    Related source file is "/home/ise/VLSI-Xilinx/computer/not_gate.vhd".
    Summary:
	no macro.
Unit <not_gate> synthesized.

Synthesizing Unit <nand_gate>.
    Related source file is "/home/ise/VLSI-Xilinx/computer/nand_gate.vhd".
    Summary:
	no macro.
Unit <nand_gate> synthesized.

Synthesizing Unit <mux4>.
    Related source file is "/home/ise/VLSI-Xilinx/computer/mux4.vhd".
    Found 1-bit 4-to-1 multiplexer for signal <Y> created at line 17.
    Summary:
	inferred   1 Multiplexer(s).
Unit <mux4> synthesized.

Synthesizing Unit <xor_gate>.
    Related source file is "/home/ise/VLSI-Xilinx/computer/xor_gate.vhd".
    Summary:
	no macro.
Unit <xor_gate> synthesized.

Synthesizing Unit <adder_8bit>.
    Related source file is "/home/ise/VLSI-Xilinx/computer/adder_8bit.vhd".
    Summary:
	no macro.
Unit <adder_8bit> synthesized.

Synthesizing Unit <adder_4bit>.
    Related source file is "/home/ise/VLSI-Xilinx/computer/adder_4bit.vhd".
    Summary:
	no macro.
Unit <adder_4bit> synthesized.

Synthesizing Unit <full_adder>.
    Related source file is "/home/ise/VLSI-Xilinx/computer/full_adder.vhd".
    Summary:
	no macro.
Unit <full_adder> synthesized.

Synthesizing Unit <half_adder>.
    Related source file is "/home/ise/VLSI-Xilinx/computer/half_adder.vhd".
    Summary:
	no macro.
Unit <half_adder> synthesized.

Synthesizing Unit <and_gate>.
    Related source file is "/home/ise/VLSI-Xilinx/computer/and_gate.vhd".
    Summary:
	no macro.
Unit <and_gate> synthesized.

Synthesizing Unit <or_gate>.
    Related source file is "/home/ise/VLSI-Xilinx/computer/or_gate.vhd".
    Summary:
	no macro.
Unit <or_gate> synthesized.

Synthesizing Unit <xnor_gate>.
    Related source file is "/home/ise/VLSI-Xilinx/computer/xnor_gate.vhd".
    Summary:
	no macro.
Unit <xnor_gate> synthesized.

Synthesizing Unit <alu_logic_unit>.
    Related source file is "/home/ise/VLSI-Xilinx/computer/alu_logic_unit.vhd".
    Summary:
	no macro.
Unit <alu_logic_unit> synthesized.

Synthesizing Unit <mux2>.
    Related source file is "/home/ise/VLSI-Xilinx/computer/mux2.vhd".
    Summary:
	inferred   1 Multiplexer(s).
Unit <mux2> synthesized.

Synthesizing Unit <zero_detect_8>.
    Related source file is "/home/ise/VLSI-Xilinx/computer/zero_detect_8.vhd".
    Summary:
	no macro.
Unit <zero_detect_8> synthesized.

=========================================================================
HDL Synthesis Report

Macro Statistics
# Registers                                            : 28
 1-bit register                                        : 28
# Multiplexers                                         : 32
 1-bit 2-to-1 multiplexer                              : 8
 1-bit 4-to-1 multiplexer                              : 24

=========================================================================

=========================================================================
*                       Advanced HDL Synthesis                          *
=========================================================================


=========================================================================
Advanced HDL Synthesis Report

Macro Statistics
# Registers                                            : 28
 Flip-Flops                                            : 28
# Multiplexers                                         : 32
 1-bit 2-to-1 multiplexer                              : 8
 1-bit 4-to-1 multiplexer                              : 24

=========================================================================

=========================================================================
*                         Low Level Synthesis                           *
=========================================================================

Optimizing unit <alu_datapath> ...

Optimizing unit <register_8bit> ...

Optimizing unit <alu_8bit> ...

Optimizing unit <alu_arith_unit> ...
INFO:Xst:2261 - The FF/Latch <REG_N/Q> in Unit <alu_datapath> is equivalent to the following FF/Latch, which will be removed : <REG_R/GEN_BITS[7].REGi/Q> 

Mapping all equations...
Building and optimizing final netlist ...
Found area constraint ratio of 100 (+ 5) on block alu_datapath, actual ratio is 2.
FlipFlop REG_A/GEN_BITS[7].REGi/Q has been replicated 1 time(s) to handle iob=true attribute.
FlipFlop REG_A/GEN_BITS[6].REGi/Q has been replicated 1 time(s) to handle iob=true attribute.
FlipFlop REG_A/GEN_BITS[5].REGi/Q has been replicated 1 time(s) to handle iob=true attribute.
FlipFlop REG_A/GEN_BITS[4].REGi/Q has been replicated 1 time(s) to handle iob=true attribute.
FlipFlop REG_A/GEN_BITS[3].REGi/Q has been replicated 1 time(s) to handle iob=true attribute.
FlipFlop REG_A/GEN_BITS[2].REGi/Q has been replicated 1 time(s) to handle iob=true attribute.
FlipFlop REG_A/GEN_BITS[1].REGi/Q has been replicated 1 time(s) to handle iob=true attribute.
FlipFlop REG_A/GEN_BITS[0].REGi/Q has been replicated 1 time(s) to handle iob=true attribute.
FlipFlop REG_B/GEN_BITS[7].REGi/Q has been replicated 1 time(s) to handle iob=true attribute.
FlipFlop REG_B/GEN_BITS[6].REGi/Q has been replicated 1 time(s) to handle iob=true attribute.
FlipFlop REG_B/GEN_BITS[5].REGi/Q has been replicated 1 time(s) to handle iob=true attribute.
FlipFlop REG_B/GEN_BITS[4].REGi/Q has been replicated 1 time(s) to handle iob=true attribute.
FlipFlop REG_B/GEN_BITS[3].REGi/Q has been replicated 1 time(s) to handle iob=true attribute.
FlipFlop REG_B/GEN_BITS[2].REGi/Q has been replicated 1 time(s) to handle iob=true attribute.
FlipFlop REG_B/GEN_BITS[1].REGi/Q has been replicated 1 time(s) to handle iob=true attribute.
FlipFlop REG_B/GEN_BITS[0].REGi/Q has been replicated 1 time(s) to handle iob=true attribute.

Final Macro Processing ...

=========================================================================
Final Register Report

Macro Statistics
# Registers                                            : 43
 Flip-Flops                                            : 43

=========================================================================

=========================================================================
*                           Partition Report                            *
=========================================================================

Partition Implementation Status
-------------------------------

  No Partitions were found in this design.

-------------------------------

=========================================================================
*                            Design Summary                             *
=========================================================================

Top Level Output File Name         : alu_datapath.ngc

Primitive and Black Box Usage:
------------------------------
# BELS                             : 34
#      LUT3                        : 5
#      LUT5                        : 11
#      LUT6                        : 18
# FlipFlops/Latches                : 43
#      FDRE                        : 43
# Clock Buffers                    : 1
#      BUFGP                       : 1
# IO Buffers                       : 43
#      IBUF                        : 15
#      OBUF                        : 28

Device utilization summary:
---------------------------

Selected Device : 6slx4tqg144-3 


Slice Logic Utilization: 
 Number of Slice Registers:              27  out of   4800     0%  
 Number of Slice LUTs:                   34  out of   2400     1%  
    Number used as Logic:                34  out of   2400     1%  

Slice Logic Distribution: 
 Number of LUT Flip Flop pairs used:     50
   Number with an unused Flip Flop:      23  out of     50    46%  
   Number with an unused LUT:            16  out of     50    32%  
   Number of fully used LUT-FF pairs:    11  out of     50    22%  
   Number of unique control sets:         3

IO Utilization: 
 Number of IOs:                          44
 Number of bonded IOBs:                  44  out of    102    43%  
    IOB Flip Flops/Latches:              16

Specific Feature Utilization:
 Number of BUFG/BUFGCTRLs:                1  out of     16     6%  

---------------------------
Partition Resource Summary:
---------------------------

  No Partitions were found in this design.

---------------------------


=========================================================================
Timing Report

NOTE: THESE TIMING NUMBERS ARE ONLY A SYNTHESIS ESTIMATE.
      FOR ACCURATE TIMING INFORMATION PLEASE REFER TO THE TRACE REPORT
      GENERATED AFTER PLACE-and-ROUTE.

Clock Information:
------------------
-----------------------------------+------------------------+-------+
Clock Signal                       | Clock buffer(FF name)  | Load  |
-----------------------------------+------------------------+-------+
CLK                                | BUFGP                  | 43    |
-----------------------------------+------------------------+-------+

Asynchronous Control Signals Information:
----------------------------------------
No asynchronous control signals found in this design

Timing Summary:
---------------
Speed Grade: -3

   Minimum period: 5.181ns (Maximum Frequency: 193.019MHz)
   Minimum input arrival time before clock: 6.687ns
   Maximum output required time after clock: 3.634ns
   Maximum combinational path delay: No path found

Timing Details:
---------------
All values displayed in nanoseconds (ns)

=========================================================================
Timing constraint: Default period analysis for Clock 'CLK'
  Clock period: 5.181ns (frequency: 193.019MHz)
  Total number of paths / destination ports: 250 / 11
-------------------------------------------------------------------------
Delay:               5.181ns (Levels of Logic = 5)
  Source:            REG_B/GEN_BITS[6].REGi/Q (FF)
  Destination:       REG_Z/Q (FF)
  Source Clock:      CLK rising
  Destination Clock: CLK rising

  Data Path: REG_B/GEN_BITS[6].REGi/Q to REG_Z/Q
                                Gate     Net
    Cell:in->out      fanout   Delay   Delay  Logical Name (Net Name)
    ----------------------------------------  ------------
     FDRE:C->Q             3   0.447   0.651  REG_B/GEN_BITS[6].REGi/Q (REG_B/GEN_BITS[6].REGi/Q)
     LUT3:I2->O            3   0.205   0.879  U_ALU/ARITH/GEN_BSEL[6].U_MUX/Mmux_Y11 (U_ALU/ARITH/b_fed<6>)
     LUT6:I3->O            1   0.205   0.808  U_ALU/ARITH/U_ADD/HIGH_NIBBLE/GEN_ADD[1].FA/U2/U1/U1/n000021_SW1 (N5)
     LUT5:I2->O            3   0.205   0.651  U_ALU/ARITH/U_ADD/HIGH_NIBBLE/GEN_ADD[3].FA/U2/U1/U4/n000011 (U_ALU/ARITH/U_ADD/HIGH_NIBBLE/GEN_ADD[3].FA/U2/U1/U4/n00001)
     LUT6:I5->O            2   0.205   0.617  U_ALU/GEN_RES[7].U_SEL/Mmux_Y11 (alu_n)
     LUT6:I5->O            1   0.205   0.000  U_ALU/U_Z/U4/U1/Y (alu_z)
     FDRE:D                    0.102          REG_Z/Q
    ----------------------------------------
    Total                      5.181ns (1.574ns logic, 3.607ns route)
                                       (30.4% logic, 69.6% route)

=========================================================================
Timing constraint: Default OFFSET IN BEFORE for Clock 'CLK'
  Total number of paths / destination ports: 370 / 129
-------------------------------------------------------------------------
Offset:              6.687ns (Levels of Logic = 6)
  Source:            OP<0> (PAD)
  Destination:       REG_Z/Q (FF)
  Destination Clock: CLK rising

  Data Path: OP<0> to REG_Z/Q
                                Gate     Net
    Cell:in->out      fanout   Delay   Delay  Logical Name (Net Name)
    ----------------------------------------  ------------
     IBUF:I->O            23   1.222   1.382  OP_0_IBUF (OP_0_IBUF)
     LUT3:I0->O            3   0.205   0.879  U_ALU/ARITH/GEN_BSEL[6].U_MUX/Mmux_Y11 (U_ALU/ARITH/b_fed<6>)
     LUT6:I3->O            1   0.205   0.808  U_ALU/ARITH/U_ADD/HIGH_NIBBLE/GEN_ADD[1].FA/U2/U1/U1/n000021_SW1 (N5)
     LUT5:I2->O            3   0.205   0.651  U_ALU/ARITH/U_ADD/HIGH_NIBBLE/GEN_ADD[3].FA/U2/U1/U4/n000011 (U_ALU/ARITH/U_ADD/HIGH_NIBBLE/GEN_ADD[3].FA/U2/U1/U4/n00001)
     LUT6:I5->O            2   0.205   0.617  U_ALU/GEN_RES[7].U_SEL/Mmux_Y11 (alu_n)
     LUT6:I5->O            1   0.205   0.000  U_ALU/U_Z/U4/U1/Y (alu_z)
     FDRE:D                    0.102          REG_Z/Q
    ----------------------------------------
    Total                      6.687ns (2.349ns logic, 4.338ns route)
                                       (35.1% logic, 64.9% route)

=========================================================================
Timing constraint: Default OFFSET OUT AFTER for Clock 'CLK'
  Total number of paths / destination ports: 28 / 28
-------------------------------------------------------------------------
Offset:              3.634ns (Levels of Logic = 1)
  Source:            REG_N/Q (FF)
  Destination:       R_OUT<7> (PAD)
  Source Clock:      CLK rising

  Data Path: REG_N/Q to R_OUT<7>
                                Gate     Net
    Cell:in->out      fanout   Delay   Delay  Logical Name (Net Name)
    ----------------------------------------  ------------
     FDRE:C->Q             2   0.447   0.616  REG_N/Q (REG_N/Q)
     OBUF:I->O                 2.571          R_OUT_7_OBUF (R_OUT<7>)
    ----------------------------------------
    Total                      3.634ns (3.018ns logic, 0.616ns route)
                                       (83.0% logic, 17.0% route)

=========================================================================

Cross Clock Domains Report:
--------------------------

Clock to Setup on destination clock CLK
---------------+---------+---------+---------+---------+
               | Src:Rise| Src:Fall| Src:Rise| Src:Fall|
Source Clock   |Dest:Rise|Dest:Rise|Dest:Fall|Dest:Fall|
---------------+---------+---------+---------+---------+
CLK            |    5.181|         |         |         |
---------------+---------+---------+---------+---------+

=========================================================================


Total REAL time to Xst completion: 3.00 secs
Total CPU time to Xst completion: 2.61 secs
 
--> 


Total memory usage is 484676 kilobytes

Number of errors   :    0 (   0 filtered)
Number of warnings :    0 (   0 filtered)
Number of infos    :    1 (   0 filtered)

