Running: /opt/Xilinx/14.7/ISE_DS/ISE/bin/lin64/unwrapped/fuse -intstyle ise -incremental -lib secureip -o /home/ise/VLSI-Xilinx/Register/computer/adder_8bit_tb_isim_beh.exe -prj /home/ise/VLSI-Xilinx/Register/computer/adder_8bit_tb_beh.prj work.adder_8bit_tb 
ISim P.20131013 (signature 0xfbc00daa)
Number of CPUs detected in this system: 1
Turning on mult-threading, number of parallel sub-compilation jobs: 0 
Determining compilation order of HDL files
Parsing VHDL file "/home/ise/VLSI-Xilinx/Register/computer/nand_gate.vhd" into library work
Parsing VHDL file "/home/ise/VLSI-Xilinx/Register/computer/not_gate.vhd" into library work
Parsing VHDL file "/home/ise/VLSI-Xilinx/Register/computer/xor_gate.vhd" into library work
Parsing VHDL file "/home/ise/VLSI-Xilinx/Register/computer/and_gate.vhd" into library work
Parsing VHDL file "/home/ise/VLSI-Xilinx/Register/computer/or_gate.vhd" into library work
Parsing VHDL file "/home/ise/VLSI-Xilinx/Register/computer/half_adder.vhd" into library work
Parsing VHDL file "/home/ise/VLSI-Xilinx/Register/computer/full_adder.vhd" into library work
Parsing VHDL file "/home/ise/VLSI-Xilinx/Register/computer/adder_4bit.vhd" into library work
Parsing VHDL file "/home/ise/VLSI-Xilinx/Register/computer/adder_8bit.vhd" into library work
Parsing VHDL file "/home/ise/VLSI-Xilinx/Register/computer/adder_8bit_tb.vhd" into library work
Starting static elaboration
Completed static elaboration
Fuse Memory Usage: 97188 KB
Fuse CPU Usage: 800 ms
Compiling package standard
Compiling package std_logic_1164
Compiling package numeric_std
Compiling architecture behavioral of entity nand_gate [nand_gate_default]
Compiling architecture structural of entity xor_gate [xor_gate_default]
Compiling architecture structural of entity not_gate [not_gate_default]
Compiling architecture structural of entity and_gate [and_gate_default]
Compiling architecture structural of entity half_adder [half_adder_default]
Compiling architecture structural of entity or_gate [or_gate_default]
Compiling architecture structural of entity full_adder [full_adder_default]
Compiling architecture structural of entity adder_4bit [adder_4bit_default]
Compiling architecture structural of entity adder_8bit [adder_8bit_default]
Compiling architecture behavioral of entity adder_8bit_tb
Time Resolution for simulation is 1ps.
Compiled 22 VHDL Units
Built simulation executable /home/ise/VLSI-Xilinx/Register/computer/adder_8bit_tb_isim_beh.exe
Fuse Memory Usage: 111768 KB
Fuse CPU Usage: 880 ms
GCC CPU Usage: 270 ms
