Release 14.7 Map P.20131013 (lin64)
Xilinx Mapping Report File for Design 'adder_8bit'

Design Information
------------------
Command Line   : map -intstyle ise -p xc6slx4-tqg144-3 -w -logic_opt off -ol
high -t 1 -xt 0 -register_duplication off -r 4 -global_opt off -mt off -ir off
-pr off -lc off -power off -o adder_8bit_map.ncd adder_8bit.ngd adder_8bit.pcf 
Target Device  : xc6slx4
Target Package : tqg144
Target Speed   : -3
Mapper Version : spartan6 -- $Revision: 1.55 $
Mapped Date    : Thu Sep  3 05:05:04 2026

Design Summary
--------------
Number of errors   :   1
Number of warnings :   0

Section 1 - Errors
------------------
ERROR:Security:9c - No 'ISE' nor 'WebPack' feature version 2013.10 was available
for part 'xc6slx4'.
ERROR:Map:258 - A problem was encountered attempting to get the license for this
   architecture.



Section 2 - Warnings
--------------------
WARNING:Security:43 - No license file was found in the standard Xilinx license
directory.
WARNING:Security:44 - Since no license file was found,

Section 3 - Informational
-------------------------
INFO:Security:51 - The XILINXD_LICENSE_FILE environment variable is not set.
INFO:Security:53 - The LM_LICENSE_FILE environment variable is not set.
INFO:Security:54 - 'xc6slx4' is a WebPack part.
INFO:Security:68a - user is rashed, on host unknown.
